Archive member included to satisfy reference by file (symbol)

/usr/lib/gcc/avr/5.4.0/avrxmega4/libgcc.a(_exit.o)
                              /opt/microchip/mplabx/v6.15/packs/Microchip/XMEGAA_DFP/2.2.54/gcc/dev/atxmega64a4u/avrxmega4/crtatxmega64a4u.o (exit)

Discarded input sections

 .data          0x0000000000000000        0x0 /opt/microchip/mplabx/v6.15/packs/Microchip/XMEGAA_DFP/2.2.54/gcc/dev/atxmega64a4u/avrxmega4/crtatxmega64a4u.o
 .bss           0x0000000000000000        0x0 /opt/microchip/mplabx/v6.15/packs/Microchip/XMEGAA_DFP/2.2.54/gcc/dev/atxmega64a4u/avrxmega4/crtatxmega64a4u.o
 .text          0x0000000000000000        0x0 build/default/debug/main.o
 .data          0x0000000000000000        0x0 build/default/debug/main.o
 .bss           0x0000000000000000        0x0 build/default/debug/main.o
 .text.setColor
                0x0000000000000000       0x18 build/default/debug/main.o
 .text.OSCF_INT_vect
                0x0000000000000000       0x14 build/default/debug/main.o
 .text          0x0000000000000000        0x0 /usr/lib/gcc/avr/5.4.0/avrxmega4/libgcc.a(_exit.o)
 .data          0x0000000000000000        0x0 /usr/lib/gcc/avr/5.4.0/avrxmega4/libgcc.a(_exit.o)
 .bss           0x0000000000000000        0x0 /usr/lib/gcc/avr/5.4.0/avrxmega4/libgcc.a(_exit.o)
 .text.libgcc.mul
                0x0000000000000000        0x0 /usr/lib/gcc/avr/5.4.0/avrxmega4/libgcc.a(_exit.o)
 .text.libgcc.div
                0x0000000000000000        0x0 /usr/lib/gcc/avr/5.4.0/avrxmega4/libgcc.a(_exit.o)
 .text.libgcc   0x0000000000000000        0x0 /usr/lib/gcc/avr/5.4.0/avrxmega4/libgcc.a(_exit.o)
 .text.libgcc.prologue
                0x0000000000000000        0x0 /usr/lib/gcc/avr/5.4.0/avrxmega4/libgcc.a(_exit.o)
 .text.libgcc.builtins
                0x0000000000000000        0x0 /usr/lib/gcc/avr/5.4.0/avrxmega4/libgcc.a(_exit.o)
 .text.libgcc.fmul
                0x0000000000000000        0x0 /usr/lib/gcc/avr/5.4.0/avrxmega4/libgcc.a(_exit.o)
 .text.libgcc.fixed
                0x0000000000000000        0x0 /usr/lib/gcc/avr/5.4.0/avrxmega4/libgcc.a(_exit.o)

Memory Configuration

Name             Origin             Length             Attributes
text             0x0000000000000000 0x0000000000011000 xr
data             0x0000000000802000 0x0000000000001000 rw !x
eeprom           0x0000000000810000 0x0000000000000800 rw !x
fuse             0x0000000000820000 0x0000000000000006 rw !x
lock             0x0000000000830000 0x0000000000000400 rw !x
signature        0x0000000000840000 0x0000000000000400 rw !x
user_signatures  0x0000000000850000 0x0000000000000400 rw !x
*default*        0x0000000000000000 0xffffffffffffffff

Linker script and memory map

LOAD /opt/microchip/mplabx/v6.15/packs/Microchip/XMEGAA_DFP/2.2.54/gcc/dev/atxmega64a4u/avrxmega4/crtatxmega64a4u.o
LOAD build/default/debug/main.o
                0x0000000000000001                __MPLAB_BUILD = 0x1
                0x0000000000000001                __ICD2RAM = 0x1
                0x0000000000000001                __MPLAB_DEBUG = 0x1
                0x0000000000000001                __DEBUG = 0x1
START GROUP
LOAD /usr/lib/gcc/avr/5.4.0/../../../avr/lib/avrxmega4/libm.a
END GROUP
START GROUP
LOAD /usr/lib/gcc/avr/5.4.0/avrxmega4/libgcc.a
LOAD /usr/lib/gcc/avr/5.4.0/../../../avr/lib/avrxmega4/libm.a
LOAD /usr/lib/gcc/avr/5.4.0/../../../avr/lib/avrxmega4/libc.a
LOAD /opt/microchip/mplabx/v6.15/packs/Microchip/XMEGAA_DFP/2.2.54/gcc/dev/atxmega64a4u/avrxmega4/libatxmega64a4u.a
END GROUP
                [0x0000000000000000]                __TEXT_REGION_ORIGIN__ = DEFINED (__TEXT_REGION_ORIGIN__)?__TEXT_REGION_ORIGIN__:0x0
                [0x0000000000802000]                __DATA_REGION_ORIGIN__ = DEFINED (__DATA_REGION_ORIGIN__)?__DATA_REGION_ORIGIN__:0x802000
                [0x0000000000011000]                __TEXT_REGION_LENGTH__ = DEFINED (__TEXT_REGION_LENGTH__)?__TEXT_REGION_LENGTH__:0x100000
                [0x0000000000001000]                __DATA_REGION_LENGTH__ = DEFINED (__DATA_REGION_LENGTH__)?__DATA_REGION_LENGTH__:0xffa0
                [0x0000000000000800]                __EEPROM_REGION_LENGTH__ = DEFINED (__EEPROM_REGION_LENGTH__)?__EEPROM_REGION_LENGTH__:0x10000
                [0x0000000000000006]                __FUSE_REGION_LENGTH__ = DEFINED (__FUSE_REGION_LENGTH__)?__FUSE_REGION_LENGTH__:0x400
                0x0000000000000400                __LOCK_REGION_LENGTH__ = DEFINED (__LOCK_REGION_LENGTH__)?__LOCK_REGION_LENGTH__:0x400
                0x0000000000000400                __SIGNATURE_REGION_LENGTH__ = DEFINED (__SIGNATURE_REGION_LENGTH__)?__SIGNATURE_REGION_LENGTH__:0x400
                0x0000000000000400                __USER_SIGNATURE_REGION_LENGTH__ = DEFINED (__USER_SIGNATURE_REGION_LENGTH__)?__USER_SIGNATURE_REGION_LENGTH__:0x400

.hash
 *(.hash)

.dynsym
 *(.dynsym)

.dynstr
 *(.dynstr)

.gnu.version
 *(.gnu.version)

.gnu.version_d
 *(.gnu.version_d)

.gnu.version_r
 *(.gnu.version_r)

.rel.init
 *(.rel.init)

.rela.init
 *(.rela.init)

.rel.text
 *(.rel.text)
 *(.rel.text.*)
 *(.rel.gnu.linkonce.t*)

.rela.text
 *(.rela.text)
 *(.rela.text.*)
 *(.rela.gnu.linkonce.t*)

.rel.fini
 *(.rel.fini)

.rela.fini
 *(.rela.fini)

.rel.rodata
 *(.rel.rodata)
 *(.rel.rodata.*)
 *(.rel.gnu.linkonce.r*)

.rela.rodata
 *(.rela.rodata)
 *(.rela.rodata.*)
 *(.rela.gnu.linkonce.r*)

.rel.data
 *(.rel.data)
 *(.rel.data.*)
 *(.rel.gnu.linkonce.d*)

.rela.data
 *(.rela.data)
 *(.rela.data.*)
 *(.rela.gnu.linkonce.d*)

.rel.ctors
 *(.rel.ctors)

.rela.ctors
 *(.rela.ctors)

.rel.dtors
 *(.rel.dtors)

.rela.dtors
 *(.rela.dtors)

.rel.got
 *(.rel.got)

.rela.got
 *(.rela.got)

.rel.bss
 *(.rel.bss)

.rela.bss
 *(.rela.bss)

.rel.plt
 *(.rel.plt)

.rela.plt
 *(.rela.plt)

.text           0x0000000000000000      0x390
 *(.vectors)
 .vectors       0x0000000000000000      0x1fc /opt/microchip/mplabx/v6.15/packs/Microchip/XMEGAA_DFP/2.2.54/gcc/dev/atxmega64a4u/avrxmega4/crtatxmega64a4u.o
                0x0000000000000000                __vectors
                0x0000000000000000                __vector_default
 *(.vectors)
 *(.progmem.gcc*)
                0x00000000000001fc                . = ALIGN (0x2)
                0x00000000000001fc                __trampolines_start = .
 *(.trampolines)
 .trampolines   0x00000000000001fc        0x0 linker stubs
 *(.trampolines*)
                0x00000000000001fc                __trampolines_end = .
 *libprintf_flt.a:*(.progmem.data)
 *libc.a:*(.progmem.data)
 *(.progmem*)
                0x00000000000001fc                . = ALIGN (0x2)
 *(.jumptables)
 *(.jumptables*)
 *(.lowtext)
 *(.lowtext*)
                0x00000000000001fc                __ctors_start = .
 *(.ctors)
                0x00000000000001fc                __ctors_end = .
                0x00000000000001fc                __dtors_start = .
 *(.dtors)
                0x00000000000001fc                __dtors_end = .
 SORT(*)(.ctors)
 SORT(*)(.dtors)
 *(.init0)
 .init0         0x00000000000001fc        0x0 /opt/microchip/mplabx/v6.15/packs/Microchip/XMEGAA_DFP/2.2.54/gcc/dev/atxmega64a4u/avrxmega4/crtatxmega64a4u.o
                0x00000000000001fc                __init
 *(.init0)
 *(.init1)
 *(.init1)
 *(.init2)
 .init2         0x00000000000001fc        0xc /opt/microchip/mplabx/v6.15/packs/Microchip/XMEGAA_DFP/2.2.54/gcc/dev/atxmega64a4u/avrxmega4/crtatxmega64a4u.o
 *(.init2)
 *(.init3)
 *(.init3)
 *(.init4)
 *(.init4)
 *(.init5)
 *(.init5)
 *(.init6)
 *(.init6)
 *(.init7)
 *(.init7)
 *(.init8)
 *(.init8)
 *(.init9)
 .init9         0x0000000000000208        0x8 /opt/microchip/mplabx/v6.15/packs/Microchip/XMEGAA_DFP/2.2.54/gcc/dev/atxmega64a4u/avrxmega4/crtatxmega64a4u.o
 *(.init9)
 *(.text)
 .text          0x0000000000000210        0x4 /opt/microchip/mplabx/v6.15/packs/Microchip/XMEGAA_DFP/2.2.54/gcc/dev/atxmega64a4u/avrxmega4/crtatxmega64a4u.o
                0x0000000000000210                __vector_38
                0x0000000000000210                __vector_104
                0x0000000000000210                __vector_22
                0x0000000000000210                __vector_63
                0x0000000000000210                __vector_28
                0x0000000000000210                __vector_67
                0x0000000000000210                __vector_1
                0x0000000000000210                __vector_119
                0x0000000000000210                __vector_32
                0x0000000000000210                __vector_75
                0x0000000000000210                __vector_71
                0x0000000000000210                __vector_91
                0x0000000000000210                __vector_34
                0x0000000000000210                __vector_62
                0x0000000000000210                __vector_77
                0x0000000000000210                __vector_102
                0x0000000000000210                __vector_24
                0x0000000000000210                __vector_12
                0x0000000000000210                __vector_55
                0x0000000000000210                __vector_69
                0x0000000000000210                __vector_81
                0x0000000000000210                __vector_90
                0x0000000000000210                __vector_46
                0x0000000000000210                __bad_interrupt
                0x0000000000000210                __vector_122
                0x0000000000000210                __vector_72
                0x0000000000000210                __vector_114
                0x0000000000000210                __vector_6
                0x0000000000000210                __vector_110
                0x0000000000000210                __vector_31
                0x0000000000000210                __vector_92
                0x0000000000000210                __vector_35
                0x0000000000000210                __vector_78
                0x0000000000000210                __vector_74
                0x0000000000000210                __vector_117
                0x0000000000000210                __vector_39
                0x0000000000000210                __vector_107
                0x0000000000000210                __vector_3
                0x0000000000000210                __vector_105
                0x0000000000000210                __vector_98
                0x0000000000000210                __vector_23
                0x0000000000000210                __vector_68
                0x0000000000000210                __vector_30
                0x0000000000000210                __vector_73
                0x0000000000000210                __vector_45
                0x0000000000000210                __vector_25
                0x0000000000000210                __vector_93
                0x0000000000000210                __vector_61
                0x0000000000000210                __vector_11
                0x0000000000000210                __vector_54
                0x0000000000000210                __vector_99
                0x0000000000000210                __vector_13
                0x0000000000000210                __vector_17
                0x0000000000000210                __vector_19
                0x0000000000000210                __vector_56
                0x0000000000000210                __vector_7
                0x0000000000000210                __vector_125
                0x0000000000000210                __vector_49
                0x0000000000000210                __vector_123
                0x0000000000000210                __vector_41
                0x0000000000000210                __vector_86
                0x0000000000000210                __vector_100
                0x0000000000000210                __vector_101
                0x0000000000000210                __vector_64
                0x0000000000000210                __vector_88
                0x0000000000000210                __vector_109
                0x0000000000000210                __vector_43
                0x0000000000000210                __vector_27
                0x0000000000000210                __vector_5
                0x0000000000000210                __vector_113
                0x0000000000000210                __vector_33
                0x0000000000000210                __vector_76
                0x0000000000000210                __vector_115
                0x0000000000000210                __vector_47
                0x0000000000000210                __vector_52
                0x0000000000000210                __vector_37
                0x0000000000000210                __vector_95
                0x0000000000000210                __vector_103
                0x0000000000000210                __vector_96
                0x0000000000000210                __vector_89
                0x0000000000000210                __vector_108
                0x0000000000000210                __vector_4
                0x0000000000000210                __vector_44
                0x0000000000000210                __vector_82
                0x0000000000000210                __vector_106
                0x0000000000000210                __vector_118
                0x0000000000000210                __vector_51
                0x0000000000000210                __vector_9
                0x0000000000000210                __vector_2
                0x0000000000000210                __vector_21
                0x0000000000000210                __vector_15
                0x0000000000000210                __vector_66
                0x0000000000000210                __vector_36
                0x0000000000000210                __vector_79
                0x0000000000000210                __vector_58
                0x0000000000000210                __vector_70
                0x0000000000000210                __vector_83
                0x0000000000000210                __vector_29
                0x0000000000000210                __vector_60
                0x0000000000000210                __vector_121
                0x0000000000000210                __vector_40
                0x0000000000000210                __vector_85
                0x0000000000000210                __vector_94
                0x0000000000000210                __vector_126
                0x0000000000000210                __vector_8
                0x0000000000000210                __vector_26
                0x0000000000000210                __vector_48
                0x0000000000000210                __vector_124
                0x0000000000000210                __vector_116
                0x0000000000000210                __vector_112
                0x0000000000000210                __vector_111
                0x0000000000000210                __vector_80
                0x0000000000000210                __vector_14
                0x0000000000000210                __vector_84
                0x0000000000000210                __vector_57
                0x0000000000000210                __vector_53
                0x0000000000000210                __vector_10
                0x0000000000000210                __vector_50
                0x0000000000000210                __vector_16
                0x0000000000000210                __vector_59
                0x0000000000000210                __vector_18
                0x0000000000000210                __vector_97
                0x0000000000000210                __vector_20
                0x0000000000000210                __vector_42
                0x0000000000000210                __vector_87
                0x0000000000000210                __vector_65
                0x0000000000000210                __vector_120
                0x0000000000000214                . = ALIGN (0x2)
 *(.text.*)
 .text.setLedChannel
                0x0000000000000214       0x6a build/default/debug/main.o
                0x0000000000000214                setLedChannel
 .text.clearAllLeds
                0x000000000000027e        0xe build/default/debug/main.o
                0x000000000000027e                clearAllLeds
 .text.setupPWM
                0x000000000000028c       0x30 build/default/debug/main.o
                0x000000000000028c                setupPWM
 .text.main     0x00000000000002bc       0xd0 build/default/debug/main.o
                0x00000000000002bc                main
                0x000000000000038c                . = ALIGN (0x2)
 *(.fini9)
 .fini9         0x000000000000038c        0x0 /usr/lib/gcc/avr/5.4.0/avrxmega4/libgcc.a(_exit.o)
                0x000000000000038c                exit
                0x000000000000038c                _exit
 *(.fini9)
 *(.fini8)
 *(.fini8)
 *(.fini7)
 *(.fini7)
 *(.fini6)
 *(.fini6)
 *(.fini5)
 *(.fini5)
 *(.fini4)
 *(.fini4)
 *(.fini3)
 *(.fini3)
 *(.fini2)
 *(.fini2)
 *(.fini1)
 *(.fini1)
 *(.fini0)
 .fini0         0x000000000000038c        0x4 /usr/lib/gcc/avr/5.4.0/avrxmega4/libgcc.a(_exit.o)
 *(.fini0)
                0x0000000000000390                _etext = .

.data           0x0000000000802000        0x0 load address 0x0000000000000390
                [!provide]                        PROVIDE (__data_start, .)
 *(.data)
 *(.data*)
 *(.gnu.linkonce.d*)
 *(.rodata)
 *(.rodata*)
 *(.gnu.linkonce.r*)
                0x0000000000802000                . = ALIGN (0x2)
                0x0000000000802000                _edata = .
                [!provide]                        PROVIDE (__data_end, .)

.bss            0x0000000000802000        0x0
                [!provide]                        PROVIDE (__bss_start, .)
 *(.bss)
 *(.bss*)
 *(COMMON)
                [!provide]                        PROVIDE (__bss_end, .)
                0x0000000000000390                __data_load_start = LOADADDR (.data)
                0x0000000000000390                __data_load_end = (__data_load_start + SIZEOF (.data))

.noinit         0x0000000000802000        0x0
                [!provide]                        PROVIDE (__noinit_start, .)
 *(.noinit*)
                [!provide]                        PROVIDE (__noinit_end, .)
                0x0000000000802000                _end = .
                [!provide]                        PROVIDE (__heap_start, .)

.eeprom         0x0000000000810000        0x0
 *(.eeprom*)
                0x0000000000810000                __eeprom_end = .

.fuse
 *(.fuse)
 *(.lfuse)
 *(.hfuse)
 *(.efuse)

.lock
 *(.lock*)

.signature
 *(.signature*)

.user_signatures
 *(.user_signatures*)

.stab
 *(.stab)

.stabstr
 *(.stabstr)

.stab.excl
 *(.stab.excl)

.stab.exclstr
 *(.stab.exclstr)

.stab.index
 *(.stab.index)

.stab.indexstr
 *(.stab.indexstr)

.comment        0x0000000000000000       0x11
 *(.comment)
 .comment       0x0000000000000000       0x11 build/default/debug/main.o
                                         0x12 (size before relaxing)

.note.gnu.avr.deviceinfo
                0x0000000000000000       0x40
 .note.gnu.avr.deviceinfo
                0x0000000000000000       0x40 /opt/microchip/mplabx/v6.15/packs/Microchip/XMEGAA_DFP/2.2.54/gcc/dev/atxmega64a4u/avrxmega4/crtatxmega64a4u.o

.note.gnu.build-id
 *(.note.gnu.build-id)

.debug
 *(.debug)

.line
 *(.line)

.debug_srcinfo
 *(.debug_srcinfo)

.debug_sfnames
 *(.debug_sfnames)

.debug_aranges  0x0000000000000000       0x48
 *(.debug_aranges)
 .debug_aranges
                0x0000000000000000       0x48 build/default/debug/main.o

.debug_pubnames
 *(.debug_pubnames)

.debug_info     0x0000000000000000     0x32f1
 *(.debug_info .gnu.linkonce.wi.*)
 .debug_info    0x0000000000000000     0x284f /opt/microchip/mplabx/v6.15/packs/Microchip/XMEGAA_DFP/2.2.54/gcc/dev/atxmega64a4u/avrxmega4/crtatxmega64a4u.o
 .debug_info    0x000000000000284f      0xaa2 build/default/debug/main.o

.debug_abbrev   0x0000000000000000     0x28a1
 *(.debug_abbrev)
 .debug_abbrev  0x0000000000000000     0x262c /opt/microchip/mplabx/v6.15/packs/Microchip/XMEGAA_DFP/2.2.54/gcc/dev/atxmega64a4u/avrxmega4/crtatxmega64a4u.o
 .debug_abbrev  0x000000000000262c      0x275 build/default/debug/main.o

.debug_line     0x0000000000000000      0x60b
 *(.debug_line .debug_line.* .debug_line_end)
 .debug_line    0x0000000000000000      0x391 /opt/microchip/mplabx/v6.15/packs/Microchip/XMEGAA_DFP/2.2.54/gcc/dev/atxmega64a4u/avrxmega4/crtatxmega64a4u.o
 .debug_line    0x0000000000000391      0x27a build/default/debug/main.o

.debug_frame    0x0000000000000000       0x80
 *(.debug_frame)
 .debug_frame   0x0000000000000000       0x80 build/default/debug/main.o

.debug_str      0x0000000000000000     0x2113
 *(.debug_str)
 .debug_str     0x0000000000000000     0x1aa8 /opt/microchip/mplabx/v6.15/packs/Microchip/XMEGAA_DFP/2.2.54/gcc/dev/atxmega64a4u/avrxmega4/crtatxmega64a4u.o
 .debug_str     0x0000000000001aa8      0x66b build/default/debug/main.o
                                        0x6ab (size before relaxing)

.debug_loc      0x0000000000000000      0x205
 *(.debug_loc)
 .debug_loc     0x0000000000000000      0x205 build/default/debug/main.o

.debug_macinfo
 *(.debug_macinfo)

.debug_weaknames
 *(.debug_weaknames)

.debug_funcnames
 *(.debug_funcnames)

.debug_typenames
 *(.debug_typenames)

.debug_varnames
 *(.debug_varnames)

.debug_pubtypes
 *(.debug_pubtypes)

.debug_ranges   0x0000000000000000       0x80
 *(.debug_ranges)
 .debug_ranges  0x0000000000000000       0x80 build/default/debug/main.o

.debug_macro
 *(.debug_macro)
OUTPUT(dist/default/debug/Clocktest-2.X.debug.elf elf32-avr)
LOAD linker stubs
